1:000001L8
2:000002L8
3:000003L8
4:000004L8
5:000005L8
7:000007L8
8:000008L8
6:000006L8
