D:0:E
D:1:E
S:1:F:000001L8                        
S:2:F:000002L8                        
S:3:F:000003L8                        
S:4:F:000004L8                        
S:5:F:000005L8                        
S:6:F:000006L8                        
S:7:F:000007L8                        
S:8:F:000008L8                        
S:9:E
S:10:E
S:11:E
S:12:E
S:13:E
S:14:E
S:15:E
S:16:E
S:17:E
S:18:E
S:19:E
S:20:E
I:21:F:000021L8                        
I:22:F:000022L8                        
I:23:F:000023L8                        
I:24:F:000024L8                        
